vlan,network,bitmask
701,4.2.6.0,25
702,4.2.6.192,26
710,4.2.6.160,29
711,4.2.6.168,29
712,4.2.6.176,29
713,4.2.6.184,29
